******************************************************************************
                  TI ARM Linker PC v16.9.1                     
******************************************************************************
>> Linked Sun May 28 10:37:40 2017

OUTPUT FILE NAME:   <Lab3_Hibernate.out>
ENTRY POINT SYMBOL: "_c_int00"  address: 00000811


MEMORY CONFIGURATION

         name            origin    length      used     unused   attr    fill
----------------------  --------  ---------  --------  --------  ----  --------
  FLASH                 00000000   00040000  00000b02  0003f4fe  R  X
  SRAM                  20000000   00008000  00000218  00007de8  RW X


SEGMENT ALLOCATION MAP

run origin  load origin   length   init length attrs members
----------  ----------- ---------- ----------- ----- -------
00000000    00000000    00000b04   00000b04    r-x
  00000000    00000000    0000026c   0000026c    r-- .intvecs
  0000026c    0000026c    00000806   00000806    r-x .text
  00000a74    00000a74    0000006c   0000006c    r-- .const
  00000ae0    00000ae0    00000024   00000024    r-- .cinit
20000000    20000000    00000218   00000000    rw-
  20000000    20000000    00000200   00000000    rw- .stack
  20000200    20000200    00000018   00000000    rw- .data


SECTION ALLOCATION MAP

 output                                  attributes/
section   page    origin      length       input sections
--------  ----  ----------  ----------   ----------------
.intvecs   0    00000000    0000026c     
                  00000000    0000026c     tm4c123gh6pm_startup_ccs.obj (.intvecs)

.text      0    0000026c    00000806     
                  0000026c    00000132     driverlib.lib : gpio.obj (.text:GPIOPadConfigSet)
                  0000039e    00000002     rtsv7M4_T_le_v4SPD16_eabi.lib : mpu_init.obj (.text)
                  000003a0    00000110     driverlib.lib : sysctl.obj (.text:SysCtlClockGet)
                  000004b0    000000f4                   : sysctl.obj (.text:SysCtlClockSet)
                  000005a4    0000009c     rtsv7M4_T_le_v4SPD16_eabi.lib : memcpy_t2.obj (.text)
                  00000640    00000094     main.obj (.text)
                  000006d4    00000070     rtsv7M4_T_le_v4SPD16_eabi.lib : autoinit.obj (.text)
                  00000744    00000068                                   : copy_decompress_lzss.obj (.text:decompress:lzss)
                  000007ac    00000064     driverlib.lib : hibernate.obj (.text:HibernateWakeSet)
                  00000810    00000054     rtsv7M4_T_le_v4SPD16_eabi.lib : boot.obj (.text)
                  00000864    00000054                                   : exit.obj (.text)
                  000008b8    0000004c                                   : cpy_tbl.obj (.text)
                  00000904    00000034     driverlib.lib : sysctl.obj (.text:SysCtlPeripheralEnable)
                  00000938    0000002c                   : hibernate.obj (.text:HibernateRTCSet)
                  00000964    0000002a                   : gpio.obj (.text:GPIODirModeSet)
                  0000098e    00000018                   : gpio.obj (.text:GPIOPinTypeGPIOOutput)
                  000009a6    00000002     rtsv7M4_T_le_v4SPD16_eabi.lib : startup.obj (.text)
                  000009a8    00000018     driverlib.lib : hibernate.obj (.text:HibernateGPIORetentionEnable)
                  000009c0    00000018     rtsv7M4_T_le_v4SPD16_eabi.lib : args_main.obj (.text)
                  000009d8    00000014     driverlib.lib : hibernate.obj (.text:HibernateEnableExpClk)
                  000009ec    00000014                   : hibernate.obj (.text:HibernateRTCEnable)
                  00000a00    00000014                   : hibernate.obj (.text:HibernateRequest)
                  00000a14    00000014     rtsv7M4_T_le_v4SPD16_eabi.lib : _lock.obj (.text)
                  00000a28    00000010     driverlib.lib : hibernate.obj (.text:HibernateRTCMatchSet)
                  00000a38    00000010                   : hibernate.obj (.text:_HibernateWriteComplete)
                  00000a48    0000000e     rtsv7M4_T_le_v4SPD16_eabi.lib : copy_decompress_none.obj (.text:decompress:none)
                  00000a56    0000000c     tm4c123gh6pm_startup_ccs.obj (.text)
                  00000a62    00000006     driverlib.lib : gpio.obj (.text:GPIOPinWrite)
                  00000a68    00000006                   : sysctl.obj (.text:SysCtlDelay)
                  00000a6e    00000004     rtsv7M4_T_le_v4SPD16_eabi.lib : pre_init.obj (.text)

.const     0    00000a74    0000006c     
                  00000a74    0000006c     driverlib.lib : sysctl.obj (.const:g_pui32Xtals)

.cinit     0    00000ae0    00000024     
                  00000ae0    00000011     (.cinit..data.load) [load image, compression = lzss]
                  00000af1    00000003     --HOLE-- [fill = 0]
                  00000af4    00000008     (__TI_handler_table)
                  00000afc    00000008     (__TI_cinit_table)

.init_array 
*          0    00000000    00000000     UNINITIALIZED

.stack     0    20000000    00000200     UNINITIALIZED
                  20000000    00000200     --HOLE--

.data      0    20000200    00000018     UNINITIALIZED
                  20000200    0000000c     rtsv7M4_T_le_v4SPD16_eabi.lib : exit.obj (.data:$O1$$)
                  2000020c    00000008                                   : _lock.obj (.data:$O1$$)
                  20000214    00000004                                   : stkdepth_vars.obj (.data)

MODULE SUMMARY

       Module                         code   ro data   rw data
       ------                         ----   -------   -------
    .\
       tm4c123gh6pm_startup_ccs.obj   12     620       0      
       main.obj                       148    0         0      
    +--+------------------------------+------+---------+---------+
       Total:                         160    620       0      
                                                              
    D:/ti/TivaWare_C_Series-2/driverlib/ccs/Debug/driverlib.lib
       sysctl.obj                     574    108       0      
       gpio.obj                       378    0         0      
       hibernate.obj                  260    0         0      
    +--+------------------------------+------+---------+---------+
       Total:                         1212   108       0      
                                                              
    D:\ti\ccsv7\tools\compiler\ti-cgt-arm_16.9.1.LTS\lib\rtsv7M4_T_le_v4SPD16_eabi.lib
       memcpy_t2.obj                  156    0         0      
       autoinit.obj                   112    0         0      
       copy_decompress_lzss.obj       104    0         0      
       exit.obj                       84     0         12     
       boot.obj                       84     0         0      
       cpy_tbl.obj                    76     0         0      
       _lock.obj                      20     0         8      
       args_main.obj                  24     0         0      
       copy_decompress_none.obj       14     0         0      
       pre_init.obj                   4      0         0      
       stkdepth_vars.obj              0      0         4      
       mpu_init.obj                   2      0         0      
       startup.obj                    2      0         0      
    +--+------------------------------+------+---------+---------+
       Total:                         682    0         24     
                                                              
       Stack:                         0      0         512    
       Linker Generated:              0      33        0      
    +--+------------------------------+------+---------+---------+
       Grand Total:                   2054   761       536    


LINKER GENERATED COPY TABLES

__TI_cinit_table @ 00000afc records: 1, size/record: 8, table size: 8
	.data: load addr=00000ae0, load size=00000011 bytes, run addr=20000200, run size=00000018 bytes, compression=lzss


LINKER GENERATED HANDLER TABLE

__TI_handler_table @ 00000af4 records: 2, size/record: 4, table size: 8
	index: 0, handler: __TI_decompress_lzss
	index: 1, handler: __TI_decompress_none


GLOBAL SYMBOLS: SORTED ALPHABETICALLY BY Name 

address   name                           
-------   ----                           
00000865  C$$EXIT                        
00000965  GPIODirModeSet                 
0000026d  GPIOPadConfigSet               
0000098f  GPIOPinTypeGPIOOutput          
00000a63  GPIOPinWrite                   
000009d9  HibernateEnableExpClk          
000009a9  HibernateGPIORetentionEnable   
000009ed  HibernateRTCEnable             
00000a29  HibernateRTCMatchSet           
00000939  HibernateRTCSet                
00000a01  HibernateRequest               
000007ad  HibernateWakeSet               
00000a57  ResetISR                       
UNDEFED   SHT$$INIT_ARRAY$$Base          
UNDEFED   SHT$$INIT_ARRAY$$Limit         
000003a1  SysCtlClockGet                 
000004b1  SysCtlClockSet                 
00000a69  SysCtlDelay                    
00000905  SysCtlPeripheralEnable         
20000200  __STACK_END                    
00000200  __STACK_SIZE                   
20000200  __STACK_TOP                    
00000afc  __TI_CINIT_Base                
00000b04  __TI_CINIT_Limit               
00000af4  __TI_Handler_Table_Base        
00000afc  __TI_Handler_Table_Limit       
000006d5  __TI_auto_init                 
20000200  __TI_cleanup_ptr               
00000745  __TI_decompress_lzss           
00000a49  __TI_decompress_none           
20000204  __TI_dtors_ptr                 
20000208  __TI_enable_exit_profile_output
ffffffff  __TI_pprof_out_hndl            
ffffffff  __TI_prof_data_size            
ffffffff  __TI_prof_data_start           
00000000  __TI_static_base__             
000005a5  __aeabi_memcpy                 
000005a5  __aeabi_memcpy4                
000005a5  __aeabi_memcpy8                
ffffffff  __binit__                      
ffffffff  __c_args__                     
0000039f  __mpu_init                     
20000000  __stack                        
000009c1  _args_main                     
00000811  _c_int00                       
2000020c  _lock                          
00000a23  _nop                           
00000a1b  _register_lock                 
00000a15  _register_unlock               
000009a7  _system_post_cinit             
00000a6f  _system_pre_init               
20000210  _unlock                        
00000869  abort                          
ffffffff  binit                          
000008b9  copy_in                        
00000871  exit                           
00000000  g_pfnVectors                   
00000641  main                           
20000214  main_func_sp                   
000005a5  memcpy                         


GLOBAL SYMBOLS: SORTED BY Symbol Address 

address   name                           
-------   ----                           
00000000  __TI_static_base__             
00000000  g_pfnVectors                   
00000200  __STACK_SIZE                   
0000026d  GPIOPadConfigSet               
0000039f  __mpu_init                     
000003a1  SysCtlClockGet                 
000004b1  SysCtlClockSet                 
000005a5  __aeabi_memcpy                 
000005a5  __aeabi_memcpy4                
000005a5  __aeabi_memcpy8                
000005a5  memcpy                         
00000641  main                           
000006d5  __TI_auto_init                 
00000745  __TI_decompress_lzss           
000007ad  HibernateWakeSet               
00000811  _c_int00                       
00000865  C$$EXIT                        
00000869  abort                          
00000871  exit                           
000008b9  copy_in                        
00000905  SysCtlPeripheralEnable         
00000939  HibernateRTCSet                
00000965  GPIODirModeSet                 
0000098f  GPIOPinTypeGPIOOutput          
000009a7  _system_post_cinit             
000009a9  HibernateGPIORetentionEnable   
000009c1  _args_main                     
000009d9  HibernateEnableExpClk          
000009ed  HibernateRTCEnable             
00000a01  HibernateRequest               
00000a15  _register_unlock               
00000a1b  _register_lock                 
00000a23  _nop                           
00000a29  HibernateRTCMatchSet           
00000a49  __TI_decompress_none           
00000a57  ResetISR                       
00000a63  GPIOPinWrite                   
00000a69  SysCtlDelay                    
00000a6f  _system_pre_init               
00000af4  __TI_Handler_Table_Base        
00000afc  __TI_CINIT_Base                
00000afc  __TI_Handler_Table_Limit       
00000b04  __TI_CINIT_Limit               
20000000  __stack                        
20000200  __STACK_END                    
20000200  __STACK_TOP                    
20000200  __TI_cleanup_ptr               
20000204  __TI_dtors_ptr                 
20000208  __TI_enable_exit_profile_output
2000020c  _lock                          
20000210  _unlock                        
20000214  main_func_sp                   
ffffffff  __TI_pprof_out_hndl            
ffffffff  __TI_prof_data_size            
ffffffff  __TI_prof_data_start           
ffffffff  __binit__                      
ffffffff  __c_args__                     
ffffffff  binit                          
UNDEFED   SHT$$INIT_ARRAY$$Base          
UNDEFED   SHT$$INIT_ARRAY$$Limit         

[60 symbols]
